// Jest Snapshot v1, https://goo.gl/fbAQLP

exports[`<LanguageProvider/> renders correctly, test using Jest + Enzyme 1`] = `
<ContextProvider
  value={
    Object {
      "language": "en-US",
      "updateLanguage": [Function],
    }
  }
>
  <View>
    <TransText
      dictionary={
        Object {
          "en-US": "Hello {name} !",
          "fr-FR": "Salut {name} !",
        }
      }
      values={
        Object {
          "name": "Joe",
        }
      }
    />
  </View>
</ContextProvider>
`;
